Correct 1
Correct 2
Correct 3
Correct 4
Correct 5
Correct 6
Correct 7
Correct 8
Expect empty brackets below
[]
Correct 9
Expect empty brackets below
[]
Correct 10
