Delimiter, .
Operator, ||
Integer, 6969726322
ID, ydE0a6k4fq2l75u
Delimiter, [
Operator, !
Operator, !=
ID, PM23117Ff7N
Delimiter, =
Operator, !
Delimiter, ,
Delimiter, [
Integer, 390197620573686
Delimiter, ]
ID, P31I41h8GMcdgx1
ReservedWord, while
ID, E601C03Q44Ug3CiI
ReservedWord, false
ReservedWord, public
Operator, +
ReservedWord, else
Operator, ||
ID, mO9iJ
Delimiter, }
ReservedWord, extends
Integer, 484764481159
Integer, 574160
Delimiter, ]
Operator, -
Operator, !=
ReservedWord, main
Integer, 209
Operator, *
Integer, 970062348426625
ReservedWord, true
Delimiter, [
ID, H98a3S789M1huh
Operator, <
Operator, ||
Delimiter, [
Integer, 2832082979582
Operator, +
ID, jy10M185z
Integer, 131280
Integer, 171312282650787
Operator, !
Integer, 5328233577
Integer, 239820
Delimiter, ]
ID, in3m772C
Delimiter, (
ReservedWord, true
ID, NAozH75u
Integer, 9226591
Operator, /
Delimiter, {
ID, oH
Operator, !
Operator, >=
Integer, 91612967363740
ID, G69JqaX5b2w1OA
Integer, 0
Operator, !=
ID, Wf9
ID, y7mZ9
Operator, &&
ID, Cx7y2f76ZI0Xx3
Integer, 44157
ID, nEXKE86R
Delimiter, )
ID, D5
Delimiter, =
Operator, *
Integer, 44533
Operator, >
Delimiter, =
ID, m219y28U5Q
Operator, -
Operator, !
Integer, 3168652564699
Delimiter, .
Delimiter, ]
ID, a54K516599I5x15
Operator, ==
ReservedWord, String
ID, BoM5gZRPIMUl
