ReservedWord, class
ReservedWord, public
ReservedWord, static
ReservedWord, extends
ReservedWord, void
ReservedWord, int
ReservedWord, boolean
ReservedWord, if
ReservedWord, else
ReservedWord, while
ReservedWord, return
ReservedWord, null
ReservedWord, true
ReservedWord, false
ReservedWord, this
ReservedWord, new
ReservedWord, String
ReservedWord, main
ReservedWord, System.out.println
ReservedWord, System.out.println
Delimiter, (
ID, ift
ID, classpublic
ReservedWord, this
Delimiter, .
ID, bob
ReservedWord, return
Delimiter, ;
ReservedWord, if
Delimiter, {
Delimiter, }
ReservedWord, else
Delimiter, {
Delimiter, }
ID, returnnull
Delimiter, ;
