Bob: Bob is a dog
Steve: Steve is a labrador
Unknown: Unknown
Steve: Steve is a labrador

(10
 (5
  (3
   -
   (4
    -
    -))
  -)
 (15
  -
  -))