-101
-101
252
2020
-101
252
2016
-101
251
2012
-101
251
2008
-101
250
2004
500
