6765
4181
2584
1597
987
610
377
233
144
89
55
34
21
13
8
5
3
2
1
1
0
0
0
0
0
0
0
0
-2147483648
-2147483648
738197504
1409286144
-1241513984
-1375731712
1484783616
-1853882368
2076180480
-775946240
862453760
-522715136
-1195114496
-2102132736
109641728
-898433024
-288522240
2004189184
2004310016
1278945280
1932053504
479001600
39916800
3628800
362880
40320
5040
720
120
24
6
2
1
1
