ReservedWord, public
ReservedWord, class
ID, Test1
Delimiter, {
ReservedWord, public
ReservedWord, static
ReservedWord, void
ReservedWord, main
Delimiter, (
Delimiter, )
Delimiter, {
ReservedWord, false
Delimiter, =
Integer, 0
ReservedWord, true
Delimiter, =
Integer, 1
ID, System
Delimiter, .
ID, out
Delimiter, .
ID, println
Delimiter, (
ReservedWord, String
ReservedWord, extends
ReservedWord, true
Delimiter, )
ReservedWord, new
ID, classint
ID, nu4ll
Delimiter, }
Delimiter, }
