ReservedWord, System.out.println
ReservedWord, this
Delimiter, .
ID, foo
