ReservedWord, System.out.println
Operator, *
ReservedWord, String
Operator, +
ReservedWord, main
Operator, /
Integer, 876789890
Delimiter, (
Delimiter, {
ID, crazy
Delimiter, ]
Delimiter, [
ID, program
Delimiter, }
Delimiter, )
Delimiter, ;
Delimiter, .
Operator, !
