ReservedWord, while
ID, asdf764JKL
Delimiter, ;
ReservedWord, extends
ReservedWord, void
Operator, &&
ReservedWord, main
Delimiter, .
Delimiter, {
ReservedWord, boolean
Operator, >=
ReservedWord, false
Delimiter, ]
ReservedWord, return
ID, simple0class
ReservedWord, if
Operator, !
ReservedWord, static
ReservedWord, System.out.println
Delimiter, (
