ReservedWord, class
Operator, *
ReservedWord, else
Operator, <
ReservedWord, static
Operator, >=
ReservedWord, extends
Operator, &&
ID, voidint
Delimiter, {
Delimiter, =
Delimiter, ,
ReservedWord, main
Delimiter, ]
Delimiter, [
ReservedWord, while
Delimiter, .
ReservedWord, String
Delimiter, ]
Delimiter, [
Operator, ||
Operator, !=
Delimiter, =
ReservedWord, return
Operator, /
ReservedWord, true
Delimiter, ;
ReservedWord, false
Operator, -
ReservedWord, this
Operator, !
ReservedWord, new
Delimiter, (
ReservedWord, if
Delimiter, )
ReservedWord, false
Delimiter, =
ReservedWord, boolean
Operator, +
ReservedWord, int
Operator, *
ReservedWord, null
Operator, ||
ReservedWord, this
Operator, !=
ReservedWord, true
Delimiter, =
ReservedWord, false
Operator, !
ReservedWord, new
Delimiter, ,
ID, staticnew
Operator, <
ReservedWord, static
Operator, >=
Delimiter, =
Operator, !=
