Operator, <=
Operator, ==
Operator, >
Operator, *
Operator, *
Operator, -
Operator, +
Delimiter, =
Operator, !
Operator, >
Delimiter, .
ReservedWord, this
ID, thispublic
