ReservedWord, class
ID, bob
Delimiter, {
ReservedWord, public
ReservedWord, static
ReservedWord, void
ReservedWord, main
Delimiter, (
ReservedWord, String
Delimiter, [
Delimiter, ]
ID, ham
Delimiter, )
Delimiter, {
ReservedWord, int
ID, x
Delimiter, =
Integer, 4
Delimiter, ;
ReservedWord, int
ID, y
Delimiter, =
Integer, 8
Delimiter, ;
ReservedWord, boolean
ID, cheese
Delimiter, =
Operator, -
ReservedWord, this
Operator, !
ReservedWord, null
Delimiter, ;
ID, string
ID, Main
ReservedWord, while
Delimiter, (
Delimiter, (
Delimiter, (
ReservedWord, null
Delimiter, )
Delimiter, )
Delimiter, )
Delimiter, {
Delimiter, }
Delimiter, }
