ReservedWord, public
ReservedWord, class
ID, Test4
Delimiter, {
ReservedWord, public
ReservedWord, static
ReservedWord, void
ReservedWord, main
Delimiter, (
ReservedWord, String
Delimiter, [
Delimiter, ]
ID, args
Delimiter, )
Delimiter, {
ReservedWord, while
Delimiter, (
ID, i
Operator, >
Integer, 0
Delimiter, )
Delimiter, {
ID, i
Operator, -
Operator, -
Delimiter, ;
Delimiter, }
Delimiter, }
Delimiter, }
