Operator, *
Delimiter, (
Delimiter, )
Operator, -
Operator, +
Delimiter, =
