ReservedWord, System.out.println
Delimiter, (
Integer, 1
Delimiter, )
Delimiter, ;
