ID, shouldappear1
ID, shouldappear2
Operator, /
Operator, *
ID, shouldappear3
Operator, *
Operator, /
Operator, *
Operator, /
Operator, *
ID, test5
Operator, *
Operator, /
ID, shouldappear4
ID, shouldappear5
ID, shouldappear6
